// Jest Snapshot v1, https://goo.gl/fbAQLP

exports[`App should match the snapshot 1`] = `
<div
  className="app"
>
  <Header
    name=""
    quote=""
    rank=""
    updateUser={[Function]}
  />
  <Route
    exact={true}
    path="/"
    render={[Function]}
  />
  <Route
    exact={true}
    path="/movies"
    render={[Function]}
  />
  <Route
    path="/movies/:movie_id"
    render={[Function]}
  />
</div>
`;
